// Jest Snapshot v1, https://goo.gl/fbAQLP

exports[`renders 1`] = `
<Redirect
  from="/logout"
  push={false}
  to="/"
/>
`;
