// Jest Snapshot v1, https://goo.gl/fbAQLP

exports[`renders content when logged in 1`] = `
<div
  className="ds-u-fill--primary-darker"
>
  <div
    className="ds-l-container"
  >
    <div
      className="ds-l-row"
    >
      <div
        className="ds-l-col--12"
      >
        <p
          className="ds-u-margin-top--1 ds-u-margin-bottom--1 ds-u-color--white qa-uscis-name-plate"
        >
          Hello! You are logged in as
           
          <span
            className="ds-u-font-weight--semibold"
          >
            fake.admin@adhocteam.us
          </span>
          .
        </p>
      </div>
    </div>
  </div>
</div>
`;

exports[`renders nothing when logged out 1`] = `""`;
